---
source: crates/uv/tests/it/ecosystem.rs
expression: snapshot
snapshot_kind: text
---
success: true
exit_code: 0
----- stdout -----

----- stderr -----
Resolved 288 packages in [TIME]
